   ______________________________________     
         Running Generic Tarball/Gridpack     
   ______________________________________     
gridpack tarball path = /eos/user/p/prebello/gridpacksZZNJETS/fourjets/nodecay/ZZNJets_Zll_VBF_LO_slc6_amd64_gcc630_CMSSW_9_3_16_tarball.tar.xz
%MSG-MG5 number of events requested = 10
%MSG-MG5 random seed used for the run = 7
%MSG-MG5 thread count requested = 1
%MSG-MG5 residual/optional arguments = 
%MSG-MG5 number of events requested = 10
%MSG-MG5 random seed used for the run = 7
%MSG-MG5 number of cpus = 1
%MSG-MG5 SCRAM_ARCH version = slc6_amd64_gcc630
%MSG-MG5 CMSSW version = CMSSW_9_3_16
WARNING: In non-interactive mode release checks e.g. deprecated releases, production architectures are disabled.
WARNING: Developer's area is created for architecture slc6_amd64_gcc630 while your current OS is SLC7.
**** Following environment variables are going to be unset.
       GCC_RUNTIME_LSAN
       GCC_RUNTIME_UBSAN
       GCC_RUNTIME_TSAN
       COMPILER_PATH
       SCRAM_CXX11_ABI
       PYTHON27PATH
       GCC_RUNTIME_ASAN
       PYTHON_VALGRIND_SUPP
       PYTHON3PATH
       GENEVA_DATA_DIR
Running MG5_aMC for the 1 time
produced_lhe  0 nevt  10 submitting_event  10  remaining_event  10
run.sh 10 70
Now generating 10 events with random seed 70 and granularity 1
No handlers could be found for logger "madevent.cards"
P5_gg_zzqqqq
P5_gq_zzgqqq
P5_qq_zzggqq
P5_qq_zzqqqq
P5_gg_zzggqq
P5_gq_zzgggq
P5_qq_zzgggg
P4_gq_zzqqq
P4_qq_zzgqq
P4_gg_zzgqq
P4_gq_zzggq
P4_qq_zzggg
P3_qq_zzqq
P3_gg_zzqq
P3_gq_zzgq
P3_qq_zzgg
P2_gq_zzq
P2_qq_zzg
P1_qq_zz
WRITE GRIDCARD /eos/home-p/prebello/gridpacksZZNJETS/fourjets/nodecay/CMSSW_10_6_10/src/lheevent/process/madevent
DONE
write ./events.lhe.gz
run 1 finished, total number of produced events: 10/10

-rw-r--r--. 1 prebello zh 21406 Mar 30 18:24 events_1.lhe.gz
run finished, produced number of events:
10
/eos/user/p/prebello/gridpacksZZNJETS/fourjets/nodecay/CMSSW_10_6_10/src/lheevent/process/madevent /eos/user/p/prebello/gridpacksZZNJETS/fourjets/nodecay/CMSSW_10_6_10/src/lheevent
************************************************************
*                                                          *
*                      W E L C O M E to                    *
*             M A D G R A P H 5 _ a M C @ N L O            *
*                      M A D E V E N T                     *
*                                                          *
*                 *                       *                *
*                   *        * *        *                  *
*                     * * * * 5 * * * *                    *
*                   *        * *        *                  *
*                 *                       *                *
*                                                          *
*         VERSION 2.6.5                 20xx-xx-xx         *
*                                                          *
*    The MadGraph5_aMC@NLO Development Team - Find us at   *
*    https://server06.fynu.ucl.ac.be/projects/madgraph     *
*                                                          *
*               Type 'help' for in-line help.              *
*                                                          *
************************************************************
INFO: load configuration from /eos/home-p/prebello/gridpacksZZNJETS/fourjets/nodecay/CMSSW_10_6_10/src/lheevent/process/madevent/Cards/me5_configuration.txt  
INFO: load configuration from /eos/home-p/prebello/gridpacksZZNJETS/fourjets/nodecay/CMSSW_10_6_10/src/lheevent/mgbasedir/input/mg5_configuration.txt  
INFO: load configuration from /eos/home-p/prebello/gridpacksZZNJETS/fourjets/nodecay/CMSSW_10_6_10/src/lheevent/process/madevent/Cards/me5_configuration.txt  
Using default eps viewer "evince". Set another one in ./input/mg5_configuration.txt
Using default web browser "firefox". Set another one in ./input/mg5_configuration.txt
madevent>INFO: Running Systematics computation 
[1;34mThe parameter ptonium is not supported anymore this parameter will be ignored.[0m
[1;34mThe parameter etaonium is not supported anymore this parameter will be ignored.[0m
[1;34mThe parameter ptonium is not supported anymore this parameter will be ignored.[0m
[1;34mThe parameter etaonium is not supported anymore this parameter will be ignored.[0m
INFO: # events generated with PDF: NNPDF31_nnlo_as_0118_mc (316200) 
INFO: #Will Compute 1321 weights per event. 
INFO: # currently at event 0 [elapsed time: 0.54 s] 
INFO: #***************************************************************************
#
# original cross-section: 63.502449
#     scale variation: +47.7% -24.7%
#     emission scale variation: +47.7% -72.4%
#     central scheme variation: +25.3% - 0%
# PDF variation: +2.53% -2.53%
#
#PDF PDF4LHC15_nnlo_100_pdfas: 69.1832 +7.12% -7.12%
#PDF MMHT2014nlo68clas118: 63.7673 +1.96% -2.22%
#PDF HERAPDF20_NLO_EIG: 61.5528 +1.33% -1.22%
#PDF LUXqed17_plus_PDF4LHC15_nnlo_100: 68.6017 +3.62% -3.62%
#PDF CT14nlo: 63.2484 +2.71% -3.48%
#PDF CT14nnlo: 68.7673 +2.88% -3.46%
#PDF PDF4LHC15_nlo_30_pdfas: 65.2572 +7.32% -7.32%
#PDF NNPDF31_nnlo_hessian_pdfas: 63.4599 +8.65% -8.65%
#PDF NNPDF31_nlo_hessian_pdfas: 60.2192 +8.14% -8.14%
#PDF HERAPDF20_NNLO_EIG: 67.6711 +1.09% -1.13%
#PDF NNPDF31_nnlo_as_0118_mc_hessian_pdfas: 63.5024 +8.71% -8.71%
#PDF NNPDF30_nlo_nf_5_pdfas: 68.9686 +4.6% -4.6%
#PDF PDF4LHC15_nlo_100_pdfas: 65.2126 +7.36% -7.36%
#PDF MMHT2014nnlo68cl: 67.2786 +1.95% -2.33%
#PDF ABMP16als118_5_nnlo: 69.9732 +1.69% -1.69%
#PDF PDF4LHC15_nnlo_30_pdfas: 69.1839 +7.13% -7.13%
# dynamical scheme # 1 : 72.6015 +9.89% -11% # \sum ET
# dynamical scheme # 2 : 75.3822 +9.03% -10% # \sum\sqrt{m^2+pt^2}
# dynamical scheme # 3 : 68.6912 +11.4% -12.3% # 0.5 \sum\sqrt{m^2+pt^2}
# dynamical scheme # 4 : 79.5902 +7.86% -8.75% # \sqrt{\hat s}
# PDF 263000 : 75.7675429349
#***************************************************************************
 
INFO: End of systematics computation 
madevent>INFO:  
launch in debug mode
/eos/user/p/prebello/gridpacksZZNJETS/fourjets/nodecay/CMSSW_10_6_10/src/lheevent
total 1068
drwxr-xr-x. 2 prebello zh   4096 Mar 30 17:58 CMSSW_9_3_16
drwxr-xr-x. 2 prebello zh   4096 Mar 30 17:57 InputCards
-rw-r--r--. 1 prebello zh 669334 Mar 30 18:25 cmsgrid_final.lhe
-rw-r--r--. 1 prebello zh 400801 Feb 13 10:25 gridpack_generation.log
drwxr-xr-x. 2 prebello zh   4096 Feb 11 14:27 mgbasedir
drwxr-xr-x. 2 prebello zh   4096 Mar 30 18:24 process
-rwxr-xr-x. 1 prebello zh   6076 Feb 13 09:54 runcmsgrid.sh

rm: cannot remove 'lheevent/process/madevent/SubProcesses': Directory not empty
----- Begin Fatal Exception 30-Mar-2020 18:50:09 CEST-----------------------
An exception of category 'ExternalLHEProducer' occurred while
   [0] Processing global begin Run run: 1
   [1] Calling method for module ExternalLHEProducer/'externalLHEProducer'
Exception Message:
Child failed with exit code 1.
----- End Fatal Exception -------------------------------------------------
Another exception was caught while trying to clean up runs after the primary fatal exception.

------------------------------------
GenXsecAnalyzer:
------------------------------------
------------------------------------
Cross-section summary not available
------------------------------------
TimeReport> Time report complete in 3409.66 seconds
 Time Summary: 
 - Min event:   1e+06
 - Max event:   0
 - Avg event:   0
 - Total loop:  3344.61
 - Total init:  52.4459
 - Total job:   3409.66
 - EventSetup Lock:   1.40667e-05
 - EventSetup Get:   0.0161769
 Event Throughput: 0 ev/s
 CPU Summary: 
 - Total loop:  449.693
 - Total init:  6.16683
 - Total extra: 0
 - Total job:   456.63
 Processing Summary: 
 - Number of Events:  0
 - Number of Global Begin Lumi Calls:  0
 - Number of Global Begin Run Calls: 1


=============================================

MessageLogger Summary

 type     category        sev    module        subroutine        count    total
 ---- -------------------- -- ---------------- ----------------  -----    -----
    1 GenXSecAnalyzer      -w GenXSecAnalyzer:                       2        2
    2 TimeReport           -e AfterModEndJob                         1        1
    3 Additional Exception -s PostGlobalEndRun                       1        1
    4 Fatal Exception      -s AfterModGlobalBe                       1        1

 type    category    Examples: run/evt        run/evt          run/evt
 ---- -------------------- ---------------- ---------------- ----------------
    1 GenXSecAnalyzer      PostGlobalEndRun PostGlobalEndRun 
    2 TimeReport           PostGlobalEndRun                  
    3 Additional Exceptions PostGlobalEndRun                  
    4 Fatal Exception      Run: 1                            

Severity    # Occurrences   Total Occurrences
--------    -------------   -----------------
Warning                 2                   2
Error                   1                   1
System                  2                   2

dropped waiting message count 0
